// Jest Snapshot v1, https://goo.gl/fbAQLP

exports[`AppConfigSchemaPropertiesTable correctly matches snapshot 1`] = `
<div>
  <table
    class="css-1ujlu4q"
  >
    <thead
      class="css-1gbkmmb"
    >
      <tr>
        <td>
          Property
        </td>
        <td>
          Type
        </td>
        <td>
          Description
        </td>
      </tr>
    </thead>
    <tbody>
      <tr>
        <td>
          <div
            data-testid="#### \`name\`"
            style="margin-left: 12px; display: block; list-style-type: circle; overflow-x: visible;"
          >
            <h4
              class="css-1l3zmkw"
              data-heading="true"
            >
              <div
                class="css-i07u6a"
              >
                <span
                  class="css-1fj428k"
                  id="name"
                />
                <a
                  class="permalink css-1lc60ja"
                  href="#name"
                >
                  <svg
                    aria-label="permalink"
                    class="anchor-icon"
                    version="1.1"
                    viewBox="0 0 11 11"
                    xmlns="http://www.w3.org/2000/svg"
                  >
                    <g
                      fill="none"
                      fill-rule="evenodd"
                      stroke="none"
                      stroke-width="1"
                    >
                      <g
                        fill="#9B9B9B"
                        transform="translate(-432.000000, -181.000000)"
                      >
                        <path
                          d="M442.36949,184.673746 L440.543368,186.500079 C440.047223,186.996013 439.369736,187.191548 438.72445,187.101937 L439.934732,185.891655 L441.760854,184.065321 C442.26505,183.561549 442.26505,182.743395 441.760854,182.238988 C441.256658,181.735003 440.438928,181.735003 439.934732,182.238988 L438.10861,184.065321 L436.897904,185.275815 C436.808293,184.630529 437.003616,183.95283 437.499762,183.456684 L439.325883,181.630775 C440.166281,180.789742 441.528881,180.789742 442.369278,181.630775 C443.209887,182.470748 443.209887,183.833772 442.36949,184.673746 L442.36949,184.673746 Z M438.717247,185.891655 L436.891125,187.717565 L436.282277,187.108928 L438.10861,185.282594 L438.717247,185.891655 L438.717247,185.891655 Z M433.238882,188.934838 C432.734686,189.439246 432.734686,190.256552 433.238882,190.760959 C433.743078,191.265579 434.560807,191.265579 435.065003,190.760959 L436.891125,188.934838 L438.101619,187.724344 C438.191442,188.369842 437.996119,189.047329 437.499974,189.543474 L435.673852,191.369384 C434.833455,192.210205 433.470854,192.210205 432.630457,191.369384 C431.789848,190.529411 431.789848,189.166387 432.630457,188.326413 L434.456579,186.500079 C434.952724,186.003722 435.630423,185.808399 436.275709,185.898222 L435.065215,187.108928 L433.238882,188.934838 L433.238882,188.934838 Z"
                        />
                      </g>
                    </g>
                  </svg>
                </a>
                <div
                  class="permalink-child"
                >
                  <code
                    class="css-7zpg9q inline"
                  >
                    name
                  </code>
                </div>
              </div>
            </h4>
          </div>
        </td>
        <td>
          <code
            class="css-7zpg9q inline"
          >
            string
          </code>
        </td>
        <td
          class="css-12joc8l"
        >
          <div
            class="css-100y9e2 "
            data-text="true"
          >
            Name of your app.
          </div>
          <blockquote
            class="css-80nrkz"
            data-text="true"
          >
            <div
              class="css-100y9e2 "
              data-text="true"
            >
              <strong
                class="css-utowyr"
              >
                Bare workflow
              </strong>
              : Edit the 'Display Name' field in Xcode
            </div>
          </blockquote>
        </td>
      </tr>
      <tr>
        <td>
          <div
            data-testid="#### \`androidNavigationBar\`"
            style="margin-left: 12px; display: block; list-style-type: circle; overflow-x: visible;"
          >
            <h4
              class="css-1l3zmkw"
              data-heading="true"
            >
              <div
                class="css-i07u6a"
              >
                <span
                  class="css-1fj428k"
                  id="androidnavigationbar"
                />
                <a
                  class="permalink css-1lc60ja"
                  href="#androidnavigationbar"
                >
                  <svg
                    aria-label="permalink"
                    class="anchor-icon"
                    version="1.1"
                    viewBox="0 0 11 11"
                    xmlns="http://www.w3.org/2000/svg"
                  >
                    <g
                      fill="none"
                      fill-rule="evenodd"
                      stroke="none"
                      stroke-width="1"
                    >
                      <g
                        fill="#9B9B9B"
                        transform="translate(-432.000000, -181.000000)"
                      >
                        <path
                          d="M442.36949,184.673746 L440.543368,186.500079 C440.047223,186.996013 439.369736,187.191548 438.72445,187.101937 L439.934732,185.891655 L441.760854,184.065321 C442.26505,183.561549 442.26505,182.743395 441.760854,182.238988 C441.256658,181.735003 440.438928,181.735003 439.934732,182.238988 L438.10861,184.065321 L436.897904,185.275815 C436.808293,184.630529 437.003616,183.95283 437.499762,183.456684 L439.325883,181.630775 C440.166281,180.789742 441.528881,180.789742 442.369278,181.630775 C443.209887,182.470748 443.209887,183.833772 442.36949,184.673746 L442.36949,184.673746 Z M438.717247,185.891655 L436.891125,187.717565 L436.282277,187.108928 L438.10861,185.282594 L438.717247,185.891655 L438.717247,185.891655 Z M433.238882,188.934838 C432.734686,189.439246 432.734686,190.256552 433.238882,190.760959 C433.743078,191.265579 434.560807,191.265579 435.065003,190.760959 L436.891125,188.934838 L438.101619,187.724344 C438.191442,188.369842 437.996119,189.047329 437.499974,189.543474 L435.673852,191.369384 C434.833455,192.210205 433.470854,192.210205 432.630457,191.369384 C431.789848,190.529411 431.789848,189.166387 432.630457,188.326413 L434.456579,186.500079 C434.952724,186.003722 435.630423,185.808399 436.275709,185.898222 L435.065215,187.108928 L433.238882,188.934838 L433.238882,188.934838 Z"
                        />
                      </g>
                    </g>
                  </svg>
                </a>
                <div
                  class="permalink-child"
                >
                  <code
                    class="css-7zpg9q inline"
                  >
                    androidNavigationBar
                  </code>
                </div>
              </div>
            </h4>
          </div>
        </td>
        <td>
          <code
            class="css-7zpg9q inline"
          >
            object
          </code>
        </td>
        <td
          class="css-12joc8l"
        >
          <div
            class="css-100y9e2 "
            data-text="true"
          >
            Configuration for the bottom navigation bar on Android.
          </div>
          <blockquote
            class="css-80nrkz"
            data-text="true"
          >
            <div
              class="css-100y9e2 "
              data-text="true"
            >
              <strong
                class="css-utowyr"
              >
                ExpoKit
              </strong>
              : Set this property using AppConstants.java.
            </div>
          </blockquote>
          <blockquote
            class="css-80nrkz"
            data-text="true"
          >
            <div
              class="css-100y9e2 "
              data-text="true"
            >
              <strong
                class="css-utowyr"
              >
                Bare workflow
              </strong>
              : Set this property using just Xcode
            </div>
          </blockquote>
        </td>
      </tr>
      <tr>
        <td>
          <div
            data-testid="\`visible\`"
            style="margin-left: 44px; display: list-item; list-style-type: default; overflow-x: visible;"
          >
            <div
              class="css-100y9e2 "
              data-text="true"
            >
              <code
                class="css-7zpg9q inline"
              >
                visible
              </code>
            </div>
          </div>
        </td>
        <td>
          <code
            class="css-7zpg9q inline"
          >
            enum
          </code>
        </td>
        <td
          class="css-12joc8l"
        >
          <div
            class="css-100y9e2 "
            data-text="true"
          >
            Determines how and when the navigation bar is shown.
          </div>
          <blockquote
            class="css-80nrkz"
            data-text="true"
          >
            <div
              class="css-100y9e2 "
              data-text="true"
            >
              <strong
                class="css-utowyr"
              >
                ExpoKit
              </strong>
              : Set this property using Xcode.
            </div>
          </blockquote>
        </td>
      </tr>
      <tr>
        <td>
          <div
            data-testid="\`always\`"
            style="margin-left: 76px; display: list-item; list-style-type: circle; overflow-x: visible;"
          >
            <div
              class="css-100y9e2 "
              data-text="true"
            >
              <code
                class="css-7zpg9q inline"
              >
                always
              </code>
            </div>
          </div>
        </td>
        <td>
          <code
            class="css-7zpg9q inline"
          >
            boolean
          </code>
        </td>
        <td
          class="css-12joc8l"
        >
          <div
            class="css-100y9e2 "
            data-text="true"
          >
            Test sub-sub-property
          </div>
        </td>
      </tr>
      <tr>
        <td>
          <div
            data-testid="\`backgroundColor\`"
            style="margin-left: 44px; display: list-item; list-style-type: default; overflow-x: visible;"
          >
            <div
              class="css-100y9e2 "
              data-text="true"
            >
              <code
                class="css-7zpg9q inline"
              >
                backgroundColor
              </code>
            </div>
          </div>
        </td>
        <td>
          <code
            class="css-7zpg9q inline"
          >
            string
          </code>
        </td>
        <td
          class="css-12joc8l"
        >
          <div
            class="css-100y9e2 "
            data-text="true"
          >
            Specifies the background color of the navigation bar. 
          </div>
          <div
            class="css-100y9e2 "
            data-text="true"
          >
            6 character long hex color string, eg: 
            <code
              class="css-7zpg9q inline"
            >
              '#000000'
            </code>
          </div>
        </td>
      </tr>
      <tr>
        <td>
          <div
            data-testid="#### \`intentFilters\`"
            style="margin-left: 12px; display: block; list-style-type: circle; overflow-x: visible;"
          >
            <h4
              class="css-1l3zmkw"
              data-heading="true"
            >
              <div
                class="css-i07u6a"
              >
                <span
                  class="css-1fj428k"
                  id="intentfilters"
                />
                <a
                  class="permalink css-1lc60ja"
                  href="#intentfilters"
                >
                  <svg
                    aria-label="permalink"
                    class="anchor-icon"
                    version="1.1"
                    viewBox="0 0 11 11"
                    xmlns="http://www.w3.org/2000/svg"
                  >
                    <g
                      fill="none"
                      fill-rule="evenodd"
                      stroke="none"
                      stroke-width="1"
                    >
                      <g
                        fill="#9B9B9B"
                        transform="translate(-432.000000, -181.000000)"
                      >
                        <path
                          d="M442.36949,184.673746 L440.543368,186.500079 C440.047223,186.996013 439.369736,187.191548 438.72445,187.101937 L439.934732,185.891655 L441.760854,184.065321 C442.26505,183.561549 442.26505,182.743395 441.760854,182.238988 C441.256658,181.735003 440.438928,181.735003 439.934732,182.238988 L438.10861,184.065321 L436.897904,185.275815 C436.808293,184.630529 437.003616,183.95283 437.499762,183.456684 L439.325883,181.630775 C440.166281,180.789742 441.528881,180.789742 442.369278,181.630775 C443.209887,182.470748 443.209887,183.833772 442.36949,184.673746 L442.36949,184.673746 Z M438.717247,185.891655 L436.891125,187.717565 L436.282277,187.108928 L438.10861,185.282594 L438.717247,185.891655 L438.717247,185.891655 Z M433.238882,188.934838 C432.734686,189.439246 432.734686,190.256552 433.238882,190.760959 C433.743078,191.265579 434.560807,191.265579 435.065003,190.760959 L436.891125,188.934838 L438.101619,187.724344 C438.191442,188.369842 437.996119,189.047329 437.499974,189.543474 L435.673852,191.369384 C434.833455,192.210205 433.470854,192.210205 432.630457,191.369384 C431.789848,190.529411 431.789848,189.166387 432.630457,188.326413 L434.456579,186.500079 C434.952724,186.003722 435.630423,185.808399 436.275709,185.898222 L435.065215,187.108928 L433.238882,188.934838 L433.238882,188.934838 Z"
                        />
                      </g>
                    </g>
                  </svg>
                </a>
                <div
                  class="permalink-child"
                >
                  <code
                    class="css-7zpg9q inline"
                  >
                    intentFilters
                  </code>
                </div>
              </div>
            </h4>
          </div>
        </td>
        <td>
          <code
            class="css-7zpg9q inline"
          >
            array
          </code>
        </td>
        <td
          class="css-12joc8l"
        >
          <div
            class="css-100y9e2 "
            data-text="true"
          >
            Configuration for setting an array of custom intent filters in Android manifest.
          </div>
          <blockquote
            class="css-80nrkz"
            data-text="true"
          >
            <div
              class="css-100y9e2 "
              data-text="true"
            >
               
              [{
"autoVerify": true,
"data": {"host": "*.expo.io"
}
}]
            </div>
          </blockquote>
          <blockquote
            class="css-80nrkz"
            data-text="true"
          >
            <div
              class="css-100y9e2 "
              data-text="true"
            >
              <strong
                class="css-utowyr"
              >
                Bare workflow
              </strong>
              : This is set in AndroidManifest.xml directly.
            </div>
          </blockquote>
        </td>
      </tr>
      <tr>
        <td>
          <div
            data-testid="\`autoVerify\`"
            style="margin-left: 44px; display: list-item; list-style-type: default; overflow-x: visible;"
          >
            <div
              class="css-100y9e2 "
              data-text="true"
            >
              <code
                class="css-7zpg9q inline"
              >
                autoVerify
              </code>
            </div>
          </div>
        </td>
        <td>
          <code
            class="css-7zpg9q inline"
          >
            boolean
          </code>
        </td>
        <td
          class="css-12joc8l"
        >
          <div
            class="css-100y9e2 "
            data-text="true"
          >
            You may also use an intent filter to set your app as the default handler for links
          </div>
        </td>
      </tr>
      <tr>
        <td>
          <div
            data-testid="\`data\`"
            style="margin-left: 44px; display: list-item; list-style-type: default; overflow-x: visible;"
          >
            <div
              class="css-100y9e2 "
              data-text="true"
            >
              <code
                class="css-7zpg9q inline"
              >
                data
              </code>
            </div>
          </div>
        </td>
        <td>
          <code
            class="css-7zpg9q inline"
          >
            array,object
          </code>
        </td>
        <td
          class="css-12joc8l"
        />
      </tr>
      <tr>
        <td>
          <div
            data-testid="\`host\`"
            style="margin-left: 76px; display: list-item; list-style-type: circle; overflow-x: visible;"
          >
            <div
              class="css-100y9e2 "
              data-text="true"
            >
              <code
                class="css-7zpg9q inline"
              >
                host
              </code>
            </div>
          </div>
        </td>
        <td>
          <code
            class="css-7zpg9q inline"
          >
            string
          </code>
        </td>
        <td
          class="css-12joc8l"
        />
      </tr>
    </tbody>
  </table>
</div>
`;
